Testing single product download with session verification...

🔍 Checking website availability...
✅ Website is reachable (Status: 200)
🚀 Attempting with regular Puppeteer browser (no Browserless)...
Using user agent: Mozilla/5.0 (Windows NT 10.0; Win64; x64) AppleWebKit/537.36 (KHTML, like Gecko) Chrome/129.0.0.0 Safari/537.36
Using viewport: 2560x1440
Failed to create regular browser: Browser was not found at the configured executablePath (/usr/bin/google-chrome-stable)
❌ Regular browser failed: Browser was not found at the configured executablePath (/usr/bin/google-chrome-stable)
🔄 Falling back to Browserless with Cloudflare bypass...
Using user agent: Mozilla/5.0 (Macintosh; Intel Mac OS X 10_15_7) AppleWebKit/605.1.15 (KHTML, like Gecko) Version/17.6 Safari/605.1.15
Using viewport: 1280x720
Attempting to get Browserless WebSocket endpoint (1/5)...
✅ Successfully obtained Browserless WebSocket endpoint
Connecting to Browserless WebSocket endpoint...
📊 Using: Browserless
🔐 Logging in to RealGPL...
Navigation attempt 1 to: https://www.realgpl.com/my-account/
Cloudflare challenge detected, waiting for it to complete...
Cloudflare challenge completed
Waiting for page to fully load...
Successfully navigated to https://www.realgpl.com/my-account/ and page is fully loaded
Waiting for element: .fc-button-label
Element .fc-button-label not found or not ready: Waiting for selector `.fc-button-label` failed: Waiting failed: 5000ms exceeded
Waiting for element: #username
Element #username is ready for interaction
Waiting for element: #password
Element #password is ready for interaction
Entering credentials...
Waiting for element: .button.woocommerce-button.woocommerce-form-login__submit
Element .button.woocommerce-button.woocommerce-form-login__submit is ready for interaction
Submitting login form...
✅ Successfully logged in
💾 Saved 13 session cookies
📋 Navigating to changelog: https://www.realgpl.com/changelog/?99936_results_per_page=10
Navigation attempt 1 to: https://www.realgpl.com/changelog/?99936_results_per_page=10
Cloudflare challenge detected, waiting for it to complete...
Cloudflare challenge completed
Waiting for page to fully load...
Successfully navigated to https://www.realgpl.com/changelog/?99936_results_per_page=10 and page is fully loaded
⏳ Waiting for changelog table to load...
Waiting for element: table#awcpt-product-table-99936
Element table#awcpt-product-table-99936 is ready for interaction
⏳ Table element found, waiting for data rows to load...
Waiting for element: table#awcpt-product-table-99936 tbody tr.awcpt-row
Element table#awcpt-product-table-99936 tbody tr.awcpt-row is ready for interaction
✅ Changelog table data loaded with 10 total rows
📅 Filtering products for date: October 13, 2025
📊 Found 9 products in changelog
⚠️  9 products missing download links. Investigating HTML structure...
📋 Sample row structure: {
  "outerHTML": "<tr class=\"awcpt-row\" data-id=\"40935\" data-cart-in=\"0\"><td class=\"awcpt-table-col awcpt-slNo-col\" style=\"\" data-id=\"40935\"><div class=\"awcpt-slno\">1</div></td><td class=\"awcpt-table-col awcpt-prdTitle-col\" style=\"\" data-id=\"40935\"><a class=\"awcpt-title\" href=\"https://www.realgpl.com/product/eventeo-event-conference-wordpress-theme-gpl/\" target=\"_blank\" title=\"Eventeo Theme GPL v2.8.4 – Event &amp; Conference WordPress Theme\">Eventeo Theme GPL v2.8.4 – Event &amp; Conference WordPress Theme</a></td><td class=\"awcpt-table-col awcpt-prdDate-col\" style=\"\" data-id=\"40935\"><span class=\"awcpt-date\">October 14, 2025</span></td><td class=\"awcpt-table-col awcpt-eleShortcode-col\" style=\"\" data-id=\"40935\"><div class=\"awcpt-shortcode-wrap\"></div></td></tr>",
  "classList": [
    "awcpt-row"
  ],
  "allLinks": [
    {
      "href": "https://www.realgpl.com/product/eventeo-event-conference-wordpress-theme-gpl/",
      "text": "Eventeo Theme GPL v2.8.4 – Event & Conference WordPress Theme",
      "classes": [
        "awcpt-title"
      ]
    }
  ]
}

📦 Products to process:
1. WPBakery GPL v8.7- Page Builder Plugin For WordPress ❌
2. AutomatorWP LearnDash Addon GPL v1.2.6 ❌
3. Shopkeeper Theme GPL v7.9.6 - Multi-Purpose WooCommerce Theme ❌
4. WPC AJAX Search for WooCommerce Premium GPL v2.4.8 ❌
5. CommandUI Plugin GPL v1.10.0 ❌
6. Gravity Forms reCAPTCHA Addon GPL v2.0.2 ❌
7. AutomatorWP Pro GPL v4.7.4 ❌
8. Admin and Site Enhancements Pro GPL v8.0.2 | ASE Pro ❌
9. WPMU DEV Branda Pro Plugin GPL v3.4.26 ❌

⬇️  Starting downloads...

📥 Downloading file 1 of 9...
Product: WPBakery GPL v8.7- Page Builder Plugin For WordPress
🔍 No direct download link, checking product page: https://www.realgpl.com/product/wpbakery-page-builder-gpl/
🔄 Restoring session cookies...
Navigation attempt 1 to: https://www.realgpl.com/product/wpbakery-page-builder-gpl/
Cloudflare challenge detected, waiting for it to complete...
Cloudflare challenge completed
Waiting for page to fully load...
Successfully navigated to https://www.realgpl.com/product/wpbakery-page-builder-gpl/ and page is fully loaded
Session check: ⚠️ Login form present
⚠️  Session lost, user not logged in on product page
Page info: {
  title: 'WPBakery GPL v8.7- Page Builder Plugin For WordPress',
  url: 'https://www.realgpl.com/product/wpbakery-page-builder-gpl/',
  bodyText: 'SKIP TO NAVIGATION\n' +
    'SKIP TO MAIN CONTENT\n' +
    'Products search\n' +
    '0 items\n' +
    '0.00$\n' +
    'LOGIN / REGISTER\n' +
    'ORIGINAL LICENSES\n' +
    'HOME\n' +
    'LICENSE LIST\n' +
    'THEMES\n' +
    'PLUGINS\n' +
    'MEMBERSHIP\n' +
    'FREE MEMBERSHIP\n' +
    'IMPORTANT\n' +
    'CHANGELOG\n' +
    'Home\n' +
    'WP GPL Plugins\n' +
    'WPBakery GPL v8.7- Page Builder Plugin For WordPress\n' +
    'WPBakery GPL v8.7- Page Builder Plugin For WordPress\n' +
    'Categories: WP Page Builders, WP GPL Plugins\n' +
    'SALE\n' +
    '40 Items sold in last 3 days\n' +
    '23 People watching this product now!\n' +
    'Rated 5 out of 5 based on \n' +
    '3\n' +
    'customer ratings\n' +
    ' (3 customer reviews)\n' +
    '\n' +
    '61.5'
}
❌ Failed to download: Login session expired - please re-login

📥 Downloading file 2 of 9...
Product: AutomatorWP LearnDash Addon GPL v1.2.6
🔍 No direct download link, checking product page: https://www.realgpl.com/product/automatorwp-learndash-addon-gpl/
🔄 Restoring session cookies...
Navigation attempt 1 to: https://www.realgpl.com/product/automatorwp-learndash-addon-gpl/
Cloudflare challenge detected, waiting for it to complete...
Cloudflare challenge completed
Waiting for page to fully load...
Successfully navigated to https://www.realgpl.com/product/automatorwp-learndash-addon-gpl/ and page is fully loaded
Session check: ⚠️ Login form present
⚠️  Session lost, user not logged in on product page
Page info: {
  title: 'AutomatorWP LearnDash Addon GPL v1.2.6',
  url: 'https://www.realgpl.com/product/automatorwp-learndash-addon-gpl/',
  bodyText: 'SKIP TO NAVIGATION\n' +
    'SKIP TO MAIN CONTENT\n' +
    'Products search\n' +
    '0 items\n' +
    '0.00$\n' +
    'LOGIN / REGISTER\n' +
    'ORIGINAL LICENSES\n' +
    'HOME\n' +
    'LICENSE LIST\n' +
    'THEMES\n' +
    'PLUGINS\n' +
    'MEMBERSHIP\n' +
    'FREE MEMBERSHIP\n' +
    'IMPORTANT\n' +
    'CHANGELOG\n' +
    'Home\n' +
    'WP GPL Plugins\n' +
    'AutomatorWP LearnDash Addon GPL v1.2.6\n' +
    'AutomatorWP LearnDash Addon GPL v1.2.6\n' +
    'Categories: AutomatorWP, WP GPL Plugins\n' +
    'SALE\n' +
    '41 Items sold in last 3 days\n' +
    '6 People watching this product now!\n' +
    '\n' +
    '58.64$ \n' +
    'Original price was: 58.64$.\n' +
    '3.13$\n' +
    'Current price is: 3.13$.\n' +
    '\n' +
    'LearnDash is a full-featured WordPress'
}
❌ Failed to download: Login session expired - please re-login

📥 Downloading file 3 of 9...
Product: Shopkeeper Theme GPL v7.9.6 - Multi-Purpose WooCommerce Theme
🔍 No direct download link, checking product page: https://www.realgpl.com/product/shopkeeper-theme-gpl/
🔄 Restoring session cookies...
Navigation attempt 1 to: https://www.realgpl.com/product/shopkeeper-theme-gpl/
Cloudflare challenge detected, waiting for it to complete...
Cloudflare challenge completed
Waiting for page to fully load...
Successfully navigated to https://www.realgpl.com/product/shopkeeper-theme-gpl/ and page is fully loaded
Session check: ⚠️ Login form present
⚠️  Session lost, user not logged in on product page
Page info: {
  title: 'Download Shopkeeper Theme GPL v7.9.6 - Multi-Purpose WooCommerce Theme',
  url: 'https://www.realgpl.com/product/shopkeeper-theme-gpl/',
  bodyText: 'SKIP TO NAVIGATION\n' +
    'SKIP TO MAIN CONTENT\n' +
    'Products search\n' +
    '0 items\n' +
    '0.00$\n' +
    'LOGIN / REGISTER\n' +
    'ORIGINAL LICENSES\n' +
    'HOME\n' +
    'LICENSE LIST\n' +
    'THEMES\n' +
    'PLUGINS\n' +
    'MEMBERSHIP\n' +
    'FREE MEMBERSHIP\n' +
    'IMPORTANT\n' +
    'CHANGELOG\n' +
    'Home\n' +
    'WP GPL Themes\n' +
    'Shopkeeper Theme GPL v7.9.6 – Multi-Purpose WooCommerce Theme\n' +
    'Shopkeeper Theme GPL v7.9.6 – Multi-Purpose WooCommerce Theme\n' +
    'Categories: Ecommerce Themes, Multi Purpose Theme, WP GPL Themes\n' +
    'Brand: Theme Forest\n' +
    'SALE\n' +
    '26 Items sold in last 3 days\n' +
    '7 People watching this product now!\n' +
    'Rated 5 out of 5 '
}
❌ Failed to download: Login session expired - please re-login

📥 Downloading file 4 of 9...
Product: WPC AJAX Search for WooCommerce Premium GPL v2.4.8
🔍 No direct download link, checking product page: https://www.realgpl.com/product/wpc-ajax-search-for-woocommerce-premium-gpl/
🔄 Restoring session cookies...
Navigation attempt 1 to: https://www.realgpl.com/product/wpc-ajax-search-for-woocommerce-premium-gpl/
Cloudflare challenge detected, waiting for it to complete...
Cloudflare challenge completed
Waiting for page to fully load...
Successfully navigated to https://www.realgpl.com/product/wpc-ajax-search-for-woocommerce-premium-gpl/ and page is fully loaded
Session check: ⚠️ Login form present
⚠️  Session lost, user not logged in on product page
Page info: {
  title: 'WPC AJAX Search for WooCommerce Premium GPL v2.4.8 - Real GPL',
  url: 'https://www.realgpl.com/product/wpc-ajax-search-for-woocommerce-premium-gpl/',
  bodyText: 'SKIP TO NAVIGATION\n' +
    'SKIP TO MAIN CONTENT\n' +
    'Products search\n' +
    '0 items\n' +
    '0.00$\n' +
    'LOGIN / REGISTER\n' +
    'ORIGINAL LICENSES\n' +
    'HOME\n' +
    'LICENSE LIST\n' +
    'THEMES\n' +
    'PLUGINS\n' +
    'MEMBERSHIP\n' +
    'FREE MEMBERSHIP\n' +
    'IMPORTANT\n' +
    'CHANGELOG\n' +
    'Home\n' +
    'WPClever\n' +
    'WPC AJAX Search for WooCommerce Premium GPL v2.4.8\n' +
    'WPC AJAX Search for WooCommerce Premium GPL v2.4.8\n' +
    'Category: WPClever\n' +
    'Brand: WPClever\n' +
    'SALE\n' +
    '20 Items sold in last 3 days\n' +
    '18 People watching this product now!\n' +
    '\n' +
    '64.36$ \n' +
    'Original price was: 64.36$.\n' +
    '3.28$\n' +
    'Current price is: 3.28$.\n' +
    '\n' +
    'WPC AJAX Search for WooC'
}
❌ Failed to download: Login session expired - please re-login

📥 Downloading file 5 of 9...
Product: CommandUI Plugin GPL v1.10.0
🔍 No direct download link, checking product page: https://www.realgpl.com/product/commandui-plugin-gpl/
🔄 Restoring session cookies...
Navigation attempt 1 to: https://www.realgpl.com/product/commandui-plugin-gpl/
Cloudflare challenge detected, waiting for it to complete...
Cloudflare challenge completed
Waiting for page to fully load...
Successfully navigated to https://www.realgpl.com/product/commandui-plugin-gpl/ and page is fully loaded
Session check: ⚠️ Login form present
⚠️  Session lost, user not logged in on product page
Page info: {
  title: 'CommandUI Plugin GPL v1.10.0 - Real GPL',
  url: 'https://www.realgpl.com/product/commandui-plugin-gpl/',
  bodyText: 'SKIP TO NAVIGATION\n' +
    'SKIP TO MAIN CONTENT\n' +
    'Products search\n' +
    '0 items\n' +
    '0.00$\n' +
    'LOGIN / REGISTER\n' +
    'ORIGINAL LICENSES\n' +
    'HOME\n' +
    'LICENSE LIST\n' +
    'THEMES\n' +
    'PLUGINS\n' +
    'MEMBERSHIP\n' +
    'FREE MEMBERSHIP\n' +
    'IMPORTANT\n' +
    'CHANGELOG\n' +
    'Home\n' +
    'WP GPL Plugins\n' +
    'CommandUI Plugin GPL v1.10.0\n' +
    'CommandUI Plugin GPL v1.10.0\n' +
    'Category: WP GPL Plugins\n' +
    'Brand: CommandUI\n' +
    'SALE\n' +
    '21 Items sold in last 3 days\n' +
    '7 People watching this product now!\n' +
    '\n' +
    '64.36$ \n' +
    'Original price was: 64.36$.\n' +
    '3.28$\n' +
    'Current price is: 3.28$.\n' +
    '\n' +
    'CommandUI Plugin GPL – Command UI simplifies WordPress a'
}
❌ Failed to download: Login session expired - please re-login

📥 Downloading file 6 of 9...
Product: Gravity Forms reCAPTCHA Addon GPL v2.0.2
🔍 No direct download link, checking product page: https://www.realgpl.com/product/gravity-forms-recaptcha-addon-gpl/
🔄 Restoring session cookies...
Navigation attempt 1 to: https://www.realgpl.com/product/gravity-forms-recaptcha-addon-gpl/
Cloudflare challenge detected, waiting for it to complete...
Cloudflare challenge completed
Waiting for page to fully load...
Successfully navigated to https://www.realgpl.com/product/gravity-forms-recaptcha-addon-gpl/ and page is fully loaded
Session check: ⚠️ Login form present
⚠️  Session lost, user not logged in on product page
Page info: {
  title: 'Download Gravity Forms reCAPTCHA Addon GPL v2.0.2',
  url: 'https://www.realgpl.com/product/gravity-forms-recaptcha-addon-gpl/',
  bodyText: 'SKIP TO NAVIGATION\n' +
    'SKIP TO MAIN CONTENT\n' +
    'Products search\n' +
    '0 items\n' +
    '0.00$\n' +
    'LOGIN / REGISTER\n' +
    'ORIGINAL LICENSES\n' +
    'HOME\n' +
    'LICENSE LIST\n' +
    'THEMES\n' +
    'PLUGINS\n' +
    'MEMBERSHIP\n' +
    'FREE MEMBERSHIP\n' +
    'IMPORTANT\n' +
    'CHANGELOG\n' +
    'Home\n' +
    'WP GPL Plugins\n' +
    'Gravity Forms reCAPTCHA Addon GPL v2.0.2\n' +
    'Gravity Forms reCAPTCHA Addon GPL v2.0.2\n' +
    'Categories: Gravity Forms, Form & Popup, WP GPL Plugins\n' +
    'Brand: Gravity Form\n' +
    'SALE\n' +
    '47 Items sold in last 3 days\n' +
    '5 People watching this product now!\n' +
    '\n' +
    '57.21$ \n' +
    'Original price was: 57.21$.\n' +
    '3.28$\n' +
    'Current price is: 3.28$.'
}
❌ Failed to download: Login session expired - please re-login

📥 Downloading file 7 of 9...
Product: AutomatorWP Pro GPL v4.7.4
🔍 No direct download link, checking product page: https://www.realgpl.com/product/automatorwp-pro-gpl/
🔄 Restoring session cookies...
Navigation attempt 1 to: https://www.realgpl.com/product/automatorwp-pro-gpl/
Cloudflare challenge detected, waiting for it to complete...
Cloudflare challenge completed
Waiting for page to fully load...
Successfully navigated to https://www.realgpl.com/product/automatorwp-pro-gpl/ and page is fully loaded
Session check: ⚠️ Login form present
⚠️  Session lost, user not logged in on product page
Page info: {
  title: 'AutomatorWP Pro GPL v4.7.4 - Real GPL',
  url: 'https://www.realgpl.com/product/automatorwp-pro-gpl/',
  bodyText: 'SKIP TO NAVIGATION\n' +
    'SKIP TO MAIN CONTENT\n' +
    'Products search\n' +
    '0 items\n' +
    '0.00$\n' +
    'LOGIN / REGISTER\n' +
    'ORIGINAL LICENSES\n' +
    'HOME\n' +
    'LICENSE LIST\n' +
    'THEMES\n' +
    'PLUGINS\n' +
    'MEMBERSHIP\n' +
    'FREE MEMBERSHIP\n' +
    'IMPORTANT\n' +
    'CHANGELOG\n' +
    'Home\n' +
    'AutomatorWP\n' +
    'AutomatorWP Pro GPL v4.7.4\n' +
    'AutomatorWP Pro GPL v4.7.4\n' +
    'Categories: AutomatorWP, Payment Gateway, WP GPL Plugins\n' +
    'Brand: AutomatorWP\n' +
    'SALE\n' +
    'NEW\n' +
    '24 Items sold in last 3 days\n' +
    '5 People watching this product now!\n' +
    '\n' +
    '64.36$ \n' +
    'Original price was: 64.36$.\n' +
    '3.28$\n' +
    'Current price is: 3.28$.\n' +
    '\n' +
    'AutomatorWP Pro GPL – Aut'
}
❌ Failed to download: Login session expired - please re-login

📥 Downloading file 8 of 9...
Product: Admin and Site Enhancements Pro GPL v8.0.2 | ASE Pro
🔍 No direct download link, checking product page: https://www.realgpl.com/product/admin-and-site-enhancements-pro-gpl/
🔄 Restoring session cookies...
Navigation attempt 1 to: https://www.realgpl.com/product/admin-and-site-enhancements-pro-gpl/
Cloudflare challenge detected, waiting for it to complete...
Cloudflare challenge completed
Waiting for page to fully load...
Successfully navigated to https://www.realgpl.com/product/admin-and-site-enhancements-pro-gpl/ and page is fully loaded
Session check: ⚠️ Login form present
⚠️  Session lost, user not logged in on product page
Page info: {
  title: 'Admin and Site Enhancements Pro GPL v8.0.2 | ASE Pro - Real GPL',
  url: 'https://www.realgpl.com/product/admin-and-site-enhancements-pro-gpl/',
  bodyText: 'SKIP TO NAVIGATION\n' +
    'SKIP TO MAIN CONTENT\n' +
    'Products search\n' +
    '0 items\n' +
    '0.00$\n' +
    'LOGIN / REGISTER\n' +
    'ORIGINAL LICENSES\n' +
    'HOME\n' +
    'LICENSE LIST\n' +
    'THEMES\n' +
    'PLUGINS\n' +
    'MEMBERSHIP\n' +
    'FREE MEMBERSHIP\n' +
    'IMPORTANT\n' +
    'CHANGELOG\n' +
    'Home\n' +
    'WP GPL Plugins\n' +
    'Admin and Site Enhancements Pro GPL v8.0.2 | ASE Pro\n' +
    'Admin and Site Enhancements Pro GPL v8.0.2 | ASE Pro\n' +
    'Category: WP GPL Plugins\n' +
    'Brand: WPASE\n' +
    'SALE\n' +
    '39 Items sold in last 3 days\n' +
    '22 People watching this product now!\n' +
    '\n' +
    '60.07$ \n' +
    'Original price was: 60.07$.\n' +
    '3.28$\n' +
    'Current price is: 3.28$.\n' +
    '\n' +
    'Admin and S'
}
❌ Failed to download: Login session expired - please re-login

📥 Downloading file 9 of 9...
Product: WPMU DEV Branda Pro Plugin GPL v3.4.26
🔍 No direct download link, checking product page: https://www.realgpl.com/product/download-wpmu-dev-branda-pro-plugin-gpl/
🔄 Restoring session cookies...
Navigation attempt 1 to: https://www.realgpl.com/product/download-wpmu-dev-branda-pro-plugin-gpl/
Cloudflare challenge detected, waiting for it to complete...
Cloudflare challenge completed
Waiting for page to fully load...
Successfully navigated to https://www.realgpl.com/product/download-wpmu-dev-branda-pro-plugin-gpl/ and page is fully loaded
Session check: ⚠️ Login form present
⚠️  Session lost, user not logged in on product page
Page info: {
  title: 'Download WPMU DEV Branda Pro Plugin GPL v3.4.26',
  url: 'https://www.realgpl.com/product/download-wpmu-dev-branda-pro-plugin-gpl/',
  bodyText: 'SKIP TO NAVIGATION\n' +
    'SKIP TO MAIN CONTENT\n' +
    'Products search\n' +
    '0 items\n' +
    '0.00$\n' +
    'LOGIN / REGISTER\n' +
    'ORIGINAL LICENSES\n' +
    'HOME\n' +
    'LICENSE LIST\n' +
    'THEMES\n' +
    'PLUGINS\n' +
    'MEMBERSHIP\n' +
    'FREE MEMBERSHIP\n' +
    'IMPORTANT\n' +
    'CHANGELOG\n' +
    'Home\n' +
    'WP GPL Plugins\n' +
    'WPMU DEV Branda Pro Plugin GPL v3.4.26\n' +
    'WPMU DEV Branda Pro Plugin GPL v3.4.26\n' +
    'Categories: WPMU DEV, WP GPL Plugins\n' +
    'Brand: Real GPL Official\n' +
    'SALE\n' +
    '29 Items sold in last 3 days\n' +
    '7 People watching this product now!\n' +
    'Rated 5 out of 5 based on \n' +
    '3\n' +
    'customer ratings\n' +
    ' (3 customer reviews)\n' +
    '\n' +
    '21.44$ \n' +
    'Original'
}
❌ Failed to download: Login session expired - please re-login

📊 Download Summary:
✅ Successfully downloaded: 0 files
❌ Failed downloads: 9 files
🔒 Browser closed

=== TEST COMPLETE ===
Downloaded: 0 files
Errors: 9
